// Jest Snapshot v1, https://goo.gl/fbAQLP

exports[`Test for generating notes getIOSVersion function throws error when file not found: podspecFileNotFound 1`] = `"ENOENT: no such file or directory, open '/Users/eray/Code/Company/Fingerprint/Projects/semantic-release-native-sdk-plugin/nonExists'"`;
